...................s.............                                        [100%]
32 passed, 1 skipped in 309.00s (0:05:09)
